2026-09-09 16:12:28.047: [INFO] CurrentProfilePath: C:\Users\abhin\Downloads\kafka\.metadata\.plugins\org.eclipse.swt\EBWebView\Default
2026-09-09 16:12:28.047: [INFO] Profiles total count: 1
2026-09-09 16:12:28.047: [INFO] Profile: name=Profile 1 path=C:\Users\abhin\Downloads\kafka\.metadata\.plugins\org.eclipse.swt\EBWebView\Default lastActive=null
2026-09-09 16:12:28.047: [INFO] LastUsedProfileDir: C:\Users\abhin\Downloads\kafka\.metadata\.plugins\org.eclipse.swt\EBWebView\Default
2026-09-09 16:12:28.047: [INFO] OnDoneLoading sync enabled: 0
2026-09-09 16:12:28.047: [INFO] BookmarkModelLoaded, ids_reassigned: 0
2026-09-09 16:12:28.047: [INFO] BookmarksLoadDropped droppedNodes=0
2026-09-09 16:12:28.047: [INFO] BookmarksSnapshot Startup total=0 bar=0 other=0 mobile=0 showBar=0 showBarNTP=1
2026-09-09 16:12:31.611: [INFO] BookmarksSnapshot Shutdown total=0 bar=0 other=0 mobile=0 showBar=0 showBarNTP=1
2026-09-09 16:13:19.346: [INFO] CurrentProfilePath: C:\Users\abhin\Downloads\kafka\.metadata\.plugins\org.eclipse.swt\EBWebView\Default
2026-09-09 16:13:19.346: [INFO] Profiles total count: 1
2026-09-09 16:13:19.346: [INFO] Profile: name=Profile 1 path=C:\Users\abhin\Downloads\kafka\.metadata\.plugins\org.eclipse.swt\EBWebView\Default lastActive=null
2026-09-09 16:13:19.346: [INFO] LastUsedProfileDir: C:\Users\abhin\Downloads\kafka\.metadata\.plugins\org.eclipse.swt\EBWebView\Default
2026-09-09 16:13:19.346: [INFO] OnDoneLoading sync enabled: 0
2026-09-09 16:13:19.346: [INFO] BookmarkModelLoaded, ids_reassigned: 0
2026-09-09 16:13:19.346: [INFO] BookmarksLoadDropped droppedNodes=0
2026-09-09 16:13:19.346: [INFO] BookmarksSnapshot Startup total=0 bar=0 other=0 mobile=0 showBar=0 showBarNTP=1
2026-09-09 16:13:21.655: [INFO] BookmarksSnapshot Shutdown total=0 bar=0 other=0 mobile=0 showBar=0 showBarNTP=1
2026-09-09 16:13:26.891: [INFO] CurrentProfilePath: C:\Users\abhin\Downloads\kafka\.metadata\.plugins\org.eclipse.swt\EBWebView\Default
2026-09-09 16:13:26.891: [INFO] Profiles total count: 1
2026-09-09 16:13:26.891: [INFO] Profile: name=Profile 1 path=C:\Users\abhin\Downloads\kafka\.metadata\.plugins\org.eclipse.swt\EBWebView\Default lastActive=null
2026-09-09 16:13:26.891: [INFO] LastUsedProfileDir: C:\Users\abhin\Downloads\kafka\.metadata\.plugins\org.eclipse.swt\EBWebView\Default
2026-09-09 16:13:26.891: [INFO] OnDoneLoading sync enabled: 0
2026-09-09 16:13:26.891: [INFO] BookmarkModelLoaded, ids_reassigned: 0
2026-09-09 16:13:26.891: [INFO] BookmarksLoadDropped droppedNodes=0
2026-09-09 16:13:26.891: [INFO] BookmarksSnapshot Startup total=0 bar=0 other=0 mobile=0 showBar=0 showBarNTP=1
2026-09-09 16:13:32.866: [INFO] BookmarksSnapshot Shutdown total=0 bar=0 other=0 mobile=0 showBar=0 showBarNTP=1
2026-09-09 16:17:07.672: [INFO] CurrentProfilePath: C:\Users\abhin\Downloads\kafka\.metadata\.plugins\org.eclipse.swt\EBWebView\Default
2026-09-09 16:17:07.672: [INFO] Profiles total count: 1
2026-09-09 16:17:07.672: [INFO] Profile: name=Profile 1 path=C:\Users\abhin\Downloads\kafka\.metadata\.plugins\org.eclipse.swt\EBWebView\Default lastActive=null
2026-09-09 16:17:07.672: [INFO] LastUsedProfileDir: C:\Users\abhin\Downloads\kafka\.metadata\.plugins\org.eclipse.swt\EBWebView\Default
2026-09-09 16:17:07.672: [INFO] OnDoneLoading sync enabled: 0
2026-09-09 16:17:07.672: [INFO] BookmarkModelLoaded, ids_reassigned: 0
2026-09-09 16:17:07.672: [INFO] BookmarksLoadDropped droppedNodes=0
2026-09-09 16:17:07.672: [INFO] BookmarksSnapshot Startup total=0 bar=0 other=0 mobile=0 showBar=0 showBarNTP=1
2026-09-09 16:17:24.489: [INFO] BookmarksSnapshot Shutdown total=0 bar=0 other=0 mobile=0 showBar=0 showBarNTP=1
2026-09-09 16:18:16.943: [INFO] CurrentProfilePath: C:\Users\abhin\Downloads\kafka\.metadata\.plugins\org.eclipse.swt\EBWebView\Default
2026-09-09 16:18:16.943: [INFO] Profiles total count: 1
2026-09-09 16:18:16.943: [INFO] Profile: name=Profile 1 path=C:\Users\abhin\Downloads\kafka\.metadata\.plugins\org.eclipse.swt\EBWebView\Default lastActive=null
2026-09-09 16:18:16.943: [INFO] LastUsedProfileDir: C:\Users\abhin\Downloads\kafka\.metadata\.plugins\org.eclipse.swt\EBWebView\Default
2026-09-09 16:18:16.943: [INFO] OnDoneLoading sync enabled: 0
2026-09-09 16:18:16.943: [INFO] BookmarkModelLoaded, ids_reassigned: 0
2026-09-09 16:18:16.943: [INFO] BookmarksLoadDropped droppedNodes=0
2026-09-09 16:18:16.943: [INFO] BookmarksSnapshot Startup total=0 bar=0 other=0 mobile=0 showBar=0 showBarNTP=1
2026-09-09 16:18:28.053: [INFO] BookmarksSnapshot Shutdown total=0 bar=0 other=0 mobile=0 showBar=0 showBarNTP=1
2026-09-09 16:19:45.008: [INFO] CurrentProfilePath: C:\Users\abhin\Downloads\kafka\.metadata\.plugins\org.eclipse.swt\EBWebView\Default
2026-09-09 16:19:45.008: [INFO] Profiles total count: 1
2026-09-09 16:19:45.008: [INFO] Profile: name=Profile 1 path=C:\Users\abhin\Downloads\kafka\.metadata\.plugins\org.eclipse.swt\EBWebView\Default lastActive=null
2026-09-09 16:19:45.008: [INFO] LastUsedProfileDir: C:\Users\abhin\Downloads\kafka\.metadata\.plugins\org.eclipse.swt\EBWebView\Default
2026-09-09 16:19:45.008: [INFO] OnDoneLoading sync enabled: 0
2026-09-09 16:19:45.008: [INFO] BookmarkModelLoaded, ids_reassigned: 0
2026-09-09 16:19:45.008: [INFO] BookmarksLoadDropped droppedNodes=0
2026-09-09 16:19:45.008: [INFO] BookmarksSnapshot Startup total=0 bar=0 other=0 mobile=0 showBar=0 showBarNTP=1
2026-09-09 16:19:47.899: [INFO] BookmarksSnapshot Shutdown total=0 bar=0 other=0 mobile=0 showBar=0 showBarNTP=1
2026-09-09 16:23:07.902: [INFO] CurrentProfilePath: C:\Users\abhin\Downloads\kafka\.metadata\.plugins\org.eclipse.swt\EBWebView\Default
2026-09-09 16:23:07.902: [INFO] Profiles total count: 1
2026-09-09 16:23:07.902: [INFO] Profile: name=Profile 1 path=C:\Users\abhin\Downloads\kafka\.metadata\.plugins\org.eclipse.swt\EBWebView\Default lastActive=null
2026-09-09 16:23:07.902: [INFO] LastUsedProfileDir: C:\Users\abhin\Downloads\kafka\.metadata\.plugins\org.eclipse.swt\EBWebView\Default
2026-09-09 16:23:07.902: [INFO] OnDoneLoading sync enabled: 0
2026-09-09 16:23:07.902: [INFO] BookmarkModelLoaded, ids_reassigned: 0
2026-09-09 16:23:07.902: [INFO] BookmarksLoadDropped droppedNodes=0
2026-09-09 16:23:07.902: [INFO] BookmarksSnapshot Startup total=0 bar=0 other=0 mobile=0 showBar=0 showBarNTP=1
2026-09-10 16:26:04.677: [INFO] BookmarksSnapshot Shutdown total=0 bar=0 other=0 mobile=0 showBar=0 showBarNTP=1
2026-09-12 08:53:43.916: [INFO] CurrentProfilePath: C:\Users\abhin\Downloads\kafka\.metadata\.plugins\org.eclipse.swt\EBWebView\Default
2026-09-12 08:53:43.916: [INFO] Profiles total count: 1
2026-09-12 08:53:43.916: [INFO] Profile: name=Profile 1 path=C:\Users\abhin\Downloads\kafka\.metadata\.plugins\org.eclipse.swt\EBWebView\Default lastActive=null
2026-09-12 08:53:43.916: [INFO] LastUsedProfileDir: C:\Users\abhin\Downloads\kafka\.metadata\.plugins\org.eclipse.swt\EBWebView\Default
2026-09-12 08:53:43.916: [INFO] OnDoneLoading sync enabled: 0
2026-09-12 08:53:43.916: [INFO] BookmarkModelLoaded, ids_reassigned: 0
2026-09-12 08:53:43.916: [INFO] BookmarksLoadDropped droppedNodes=0
2026-09-12 08:53:43.916: [INFO] BookmarksSnapshot Startup total=0 bar=0 other=0 mobile=0 showBar=0 showBarNTP=1
2026-09-13 09:42:30.514: [INFO] BookmarksSnapshot Shutdown total=0 bar=0 other=0 mobile=0 showBar=0 showBarNTP=1
2026-09-13 09:45:44.435: [INFO] CurrentProfilePath: C:\Users\abhin\Downloads\kafka\.metadata\.plugins\org.eclipse.swt\EBWebView\Default
2026-09-13 09:45:44.435: [INFO] Profiles total count: 1
2026-09-13 09:45:44.435: [INFO] Profile: name=Profile 1 path=C:\Users\abhin\Downloads\kafka\.metadata\.plugins\org.eclipse.swt\EBWebView\Default lastActive=null
2026-09-13 09:45:44.435: [INFO] LastUsedProfileDir: C:\Users\abhin\Downloads\kafka\.metadata\.plugins\org.eclipse.swt\EBWebView\Default
2026-09-13 09:45:44.435: [INFO] OnDoneLoading sync enabled: 0
2026-09-13 09:45:44.435: [INFO] BookmarkModelLoaded, ids_reassigned: 0
2026-09-13 09:45:44.435: [INFO] BookmarksLoadDropped droppedNodes=0
2026-09-13 09:45:44.435: [INFO] BookmarksSnapshot Startup total=0 bar=0 other=0 mobile=0 showBar=0 showBarNTP=1
2026-09-13 09:45:48.144: [INFO] BookmarksSnapshot Shutdown total=0 bar=0 other=0 mobile=0 showBar=0 showBarNTP=1
2026-09-13 09:48:50.159: [INFO] CurrentProfilePath: C:\Users\abhin\Downloads\kafka\.metadata\.plugins\org.eclipse.swt\EBWebView\Default
2026-09-13 09:48:50.159: [INFO] Profiles total count: 1
2026-09-13 09:48:50.159: [INFO] Profile: name=Profile 1 path=C:\Users\abhin\Downloads\kafka\.metadata\.plugins\org.eclipse.swt\EBWebView\Default lastActive=null
2026-09-13 09:48:50.159: [INFO] LastUsedProfileDir: C:\Users\abhin\Downloads\kafka\.metadata\.plugins\org.eclipse.swt\EBWebView\Default
2026-09-13 09:48:50.159: [INFO] OnDoneLoading sync enabled: 0
2026-09-13 09:48:50.159: [INFO] BookmarkModelLoaded, ids_reassigned: 0
2026-09-13 09:48:50.159: [INFO] BookmarksLoadDropped droppedNodes=0
2026-09-13 09:48:50.159: [INFO] BookmarksSnapshot Startup total=0 bar=0 other=0 mobile=0 showBar=0 showBarNTP=1
2026-09-13 09:50:31.312: [INFO] BookmarksSnapshot Shutdown total=0 bar=0 other=0 mobile=0 showBar=0 showBarNTP=1
2026-09-13 09:54:09.770: [INFO] CurrentProfilePath: C:\Users\abhin\Downloads\kafka\.metadata\.plugins\org.eclipse.swt\EBWebView\Default
2026-09-13 09:54:09.770: [INFO] Profiles total count: 1
2026-09-13 09:54:09.770: [INFO] Profile: name=Profile 1 path=C:\Users\abhin\Downloads\kafka\.metadata\.plugins\org.eclipse.swt\EBWebView\Default lastActive=null
2026-09-13 09:54:09.770: [INFO] LastUsedProfileDir: C:\Users\abhin\Downloads\kafka\.metadata\.plugins\org.eclipse.swt\EBWebView\Default
2026-09-13 09:54:09.770: [INFO] OnDoneLoading sync enabled: 0
2026-09-13 09:54:09.770: [INFO] BookmarkModelLoaded, ids_reassigned: 0
2026-09-13 09:54:09.770: [INFO] BookmarksLoadDropped droppedNodes=0
2026-09-13 09:54:09.770: [INFO] BookmarksSnapshot Startup total=0 bar=0 other=0 mobile=0 showBar=0 showBarNTP=1
2026-09-13 16:47:45.979: [INFO] BookmarksSnapshot Shutdown total=0 bar=0 other=0 mobile=0 showBar=0 showBarNTP=1
2026-09-13 16:48:26.606: [INFO] CurrentProfilePath: C:\Users\abhin\Downloads\kafka\.metadata\.plugins\org.eclipse.swt\EBWebView\Default
2026-09-13 16:48:26.606: [INFO] Profiles total count: 1
2026-09-13 16:48:26.606: [INFO] Profile: name=Profile 1 path=C:\Users\abhin\Downloads\kafka\.metadata\.plugins\org.eclipse.swt\EBWebView\Default lastActive=null
2026-09-13 16:48:26.606: [INFO] LastUsedProfileDir: C:\Users\abhin\Downloads\kafka\.metadata\.plugins\org.eclipse.swt\EBWebView\Default
2026-09-13 16:48:26.606: [INFO] OnDoneLoading sync enabled: 0
2026-09-13 16:48:26.606: [INFO] BookmarkModelLoaded, ids_reassigned: 0
2026-09-13 16:48:26.606: [INFO] BookmarksLoadDropped droppedNodes=0
2026-09-13 16:48:26.606: [INFO] BookmarksSnapshot Startup total=0 bar=0 other=0 mobile=0 showBar=0 showBarNTP=1
2026-09-15 16:42:32.118: [INFO] BookmarksSnapshot Shutdown total=0 bar=0 other=0 mobile=0 showBar=0 showBarNTP=1
2026-09-15 16:45:13.374: [INFO] CurrentProfilePath: C:\Users\abhin\Downloads\kafka\.metadata\.plugins\org.eclipse.swt\EBWebView\Default
2026-09-15 16:45:13.374: [INFO] Profiles total count: 1
2026-09-15 16:45:13.374: [INFO] Profile: name=Profile 1 path=C:\Users\abhin\Downloads\kafka\.metadata\.plugins\org.eclipse.swt\EBWebView\Default lastActive=null
2026-09-15 16:45:13.374: [INFO] LastUsedProfileDir: C:\Users\abhin\Downloads\kafka\.metadata\.plugins\org.eclipse.swt\EBWebView\Default
2026-09-15 16:45:13.374: [INFO] OnDoneLoading sync enabled: 0
2026-09-15 16:45:13.374: [INFO] BookmarkModelLoaded, ids_reassigned: 0
2026-09-15 16:45:13.374: [INFO] BookmarksLoadDropped droppedNodes=0
2026-09-15 16:45:13.374: [INFO] BookmarksSnapshot Startup total=0 bar=0 other=0 mobile=0 showBar=0 showBarNTP=1
2026-09-17 12:52:22.479: [INFO] BookmarksSnapshot Shutdown total=0 bar=0 other=0 mobile=0 showBar=0 showBarNTP=1
2026-09-19 15:31:20.881: [INFO] CurrentProfilePath: C:\Users\abhin\Downloads\kafka\.metadata\.plugins\org.eclipse.swt\EBWebView\Default
2026-09-19 15:31:20.881: [INFO] Profiles total count: 1
2026-09-19 15:31:20.881: [INFO] Profile: name=Profile 1 path=C:\Users\abhin\Downloads\kafka\.metadata\.plugins\org.eclipse.swt\EBWebView\Default lastActive=null
2026-09-19 15:31:20.881: [INFO] LastUsedProfileDir: C:\Users\abhin\Downloads\kafka\.metadata\.plugins\org.eclipse.swt\EBWebView\Default
2026-09-19 15:31:20.881: [INFO] OnDoneLoading sync enabled: 0
2026-09-19 15:31:20.881: [INFO] BookmarkModelLoaded, ids_reassigned: 0
2026-09-19 15:31:20.881: [INFO] BookmarksLoadDropped droppedNodes=0
2026-09-19 15:31:20.881: [INFO] BookmarksSnapshot Startup total=0 bar=0 other=0 mobile=0 showBar=0 showBarNTP=1
2026-09-19 15:31:25.157: [INFO] BookmarksSnapshot Shutdown total=0 bar=0 other=0 mobile=0 showBar=0 showBarNTP=1
2026-09-19 20:07:12.463: [INFO] CurrentProfilePath: C:\Users\abhin\Downloads\kafka\.metadata\.plugins\org.eclipse.swt\EBWebView\Default
2026-09-19 20:07:12.464: [INFO] Profiles total count: 1
2026-09-19 20:07:12.464: [INFO] Profile: name=Profile 1 path=C:\Users\abhin\Downloads\kafka\.metadata\.plugins\org.eclipse.swt\EBWebView\Default lastActive=null
2026-09-19 20:07:12.464: [INFO] LastUsedProfileDir: C:\Users\abhin\Downloads\kafka\.metadata\.plugins\org.eclipse.swt\EBWebView\Default
2026-09-19 20:07:12.464: [INFO] OnDoneLoading sync enabled: 0
2026-09-19 20:07:12.464: [INFO] BookmarkModelLoaded, ids_reassigned: 0
2026-09-19 20:07:12.464: [INFO] BookmarksLoadDropped droppedNodes=0
2026-09-19 20:07:12.464: [INFO] BookmarksSnapshot Startup total=0 bar=0 other=0 mobile=0 showBar=0 showBarNTP=1
2026-09-19 20:07:26.809: [INFO] BookmarksSnapshot Shutdown total=0 bar=0 other=0 mobile=0 showBar=0 showBarNTP=1
2026-09-19 20:08:21.597: [INFO] CurrentProfilePath: C:\Users\abhin\Downloads\kafka\.metadata\.plugins\org.eclipse.swt\EBWebView\Default
2026-09-19 20:08:21.597: [INFO] Profiles total count: 1
2026-09-19 20:08:21.597: [INFO] Profile: name=Profile 1 path=C:\Users\abhin\Downloads\kafka\.metadata\.plugins\org.eclipse.swt\EBWebView\Default lastActive=null
2026-09-19 20:08:21.597: [INFO] LastUsedProfileDir: C:\Users\abhin\Downloads\kafka\.metadata\.plugins\org.eclipse.swt\EBWebView\Default
2026-09-19 20:08:21.597: [INFO] OnDoneLoading sync enabled: 0
2026-09-19 20:08:21.597: [INFO] BookmarkModelLoaded, ids_reassigned: 0
2026-09-19 20:08:21.597: [INFO] BookmarksLoadDropped droppedNodes=0
2026-09-19 20:08:21.597: [INFO] BookmarksSnapshot Startup total=0 bar=0 other=0 mobile=0 showBar=0 showBarNTP=1
2026-09-19 20:09:16.148: [INFO] BookmarksSnapshot Shutdown total=0 bar=0 other=0 mobile=0 showBar=0 showBarNTP=1
2026-09-19 20:13:50.197: [INFO] CurrentProfilePath: C:\Users\abhin\Downloads\kafka\.metadata\.plugins\org.eclipse.swt\EBWebView\Default
2026-09-19 20:13:50.197: [INFO] Profiles total count: 1
2026-09-19 20:13:50.197: [INFO] Profile: name=Profile 1 path=C:\Users\abhin\Downloads\kafka\.metadata\.plugins\org.eclipse.swt\EBWebView\Default lastActive=null
2026-09-19 20:13:50.197: [INFO] LastUsedProfileDir: C:\Users\abhin\Downloads\kafka\.metadata\.plugins\org.eclipse.swt\EBWebView\Default
2026-09-19 20:13:50.197: [INFO] OnDoneLoading sync enabled: 0
2026-09-19 20:13:50.197: [INFO] BookmarkModelLoaded, ids_reassigned: 0
2026-09-19 20:13:50.197: [INFO] BookmarksLoadDropped droppedNodes=0
2026-09-19 20:13:50.197: [INFO] BookmarksSnapshot Startup total=0 bar=0 other=0 mobile=0 showBar=0 showBarNTP=1
2026-09-19 20:13:55.661: [INFO] BookmarksSnapshot Shutdown total=0 bar=0 other=0 mobile=0 showBar=0 showBarNTP=1
2026-09-19 20:15:12.134: [INFO] CurrentProfilePath: C:\Users\abhin\Downloads\kafka\.metadata\.plugins\org.eclipse.swt\EBWebView\Default
2026-09-19 20:15:12.134: [INFO] Profiles total count: 1
2026-09-19 20:15:12.134: [INFO] Profile: name=Profile 1 path=C:\Users\abhin\Downloads\kafka\.metadata\.plugins\org.eclipse.swt\EBWebView\Default lastActive=null
2026-09-19 20:15:12.134: [INFO] LastUsedProfileDir: C:\Users\abhin\Downloads\kafka\.metadata\.plugins\org.eclipse.swt\EBWebView\Default
2026-09-19 20:15:12.134: [INFO] OnDoneLoading sync enabled: 0
2026-09-19 20:15:12.134: [INFO] BookmarkModelLoaded, ids_reassigned: 0
2026-09-19 20:15:12.134: [INFO] BookmarksLoadDropped droppedNodes=0
2026-09-19 20:15:12.134: [INFO] BookmarksSnapshot Startup total=0 bar=0 other=0 mobile=0 showBar=0 showBarNTP=1
2026-09-19 20:18:31.395: [INFO] BookmarksSnapshot Shutdown total=0 bar=0 other=0 mobile=0 showBar=0 showBarNTP=1
2026-09-20 15:25:10.966: [INFO] CurrentProfilePath: C:\Users\abhin\Downloads\kafka\.metadata\.plugins\org.eclipse.swt\EBWebView\Default
2026-09-20 15:25:10.966: [INFO] Profiles total count: 1
2026-09-20 15:25:10.966: [INFO] Profile: name=Profile 1 path=C:\Users\abhin\Downloads\kafka\.metadata\.plugins\org.eclipse.swt\EBWebView\Default lastActive=null
2026-09-20 15:25:10.966: [INFO] LastUsedProfileDir: C:\Users\abhin\Downloads\kafka\.metadata\.plugins\org.eclipse.swt\EBWebView\Default
2026-09-20 15:25:10.966: [INFO] OnDoneLoading sync enabled: 0
2026-09-20 15:25:10.966: [INFO] BookmarkModelLoaded, ids_reassigned: 0
2026-09-20 15:25:10.966: [INFO] BookmarksLoadDropped droppedNodes=0
2026-09-20 15:25:10.966: [INFO] BookmarksSnapshot Startup total=0 bar=0 other=0 mobile=0 showBar=0 showBarNTP=1
2026-09-20 15:37:38.306: [INFO] BookmarksSnapshot Shutdown total=0 bar=0 other=0 mobile=0 showBar=0 showBarNTP=1
2026-09-20 15:37:44.334: [INFO] CurrentProfilePath: C:\Users\abhin\Downloads\kafka\.metadata\.plugins\org.eclipse.swt\EBWebView\Default
2026-09-20 15:37:44.334: [INFO] Profiles total count: 1
2026-09-20 15:37:44.334: [INFO] Profile: name=Profile 1 path=C:\Users\abhin\Downloads\kafka\.metadata\.plugins\org.eclipse.swt\EBWebView\Default lastActive=null
2026-09-20 15:37:44.334: [INFO] LastUsedProfileDir: C:\Users\abhin\Downloads\kafka\.metadata\.plugins\org.eclipse.swt\EBWebView\Default
2026-09-20 15:37:44.334: [INFO] OnDoneLoading sync enabled: 0
2026-09-20 15:37:44.334: [INFO] BookmarkModelLoaded, ids_reassigned: 0
2026-09-20 15:37:44.334: [INFO] BookmarksLoadDropped droppedNodes=0
2026-09-20 15:37:44.334: [INFO] BookmarksSnapshot Startup total=0 bar=0 other=0 mobile=0 showBar=0 showBarNTP=1
2026-09-20 15:38:34.354: [INFO] BookmarksSnapshot Shutdown total=0 bar=0 other=0 mobile=0 showBar=0 showBarNTP=1
2026-09-20 15:39:57.084: [INFO] CurrentProfilePath: C:\Users\abhin\Downloads\kafka\.metadata\.plugins\org.eclipse.swt\EBWebView\Default
2026-09-20 15:39:57.084: [INFO] Profiles total count: 1
2026-09-20 15:39:57.084: [INFO] Profile: name=Profile 1 path=C:\Users\abhin\Downloads\kafka\.metadata\.plugins\org.eclipse.swt\EBWebView\Default lastActive=null
2026-09-20 15:39:57.084: [INFO] LastUsedProfileDir: C:\Users\abhin\Downloads\kafka\.metadata\.plugins\org.eclipse.swt\EBWebView\Default
2026-09-20 15:39:57.084: [INFO] OnDoneLoading sync enabled: 0
2026-09-20 15:39:57.084: [INFO] BookmarkModelLoaded, ids_reassigned: 0
2026-09-20 15:39:57.084: [INFO] BookmarksLoadDropped droppedNodes=0
2026-09-20 15:39:57.084: [INFO] BookmarksSnapshot Startup total=0 bar=0 other=0 mobile=0 showBar=0 showBarNTP=1
2026-09-20 15:45:55.859: [INFO] BookmarksSnapshot Shutdown total=0 bar=0 other=0 mobile=0 showBar=0 showBarNTP=1
2026-09-20 15:51:09.493: [INFO] CurrentProfilePath: C:\Users\abhin\Downloads\kafka\.metadata\.plugins\org.eclipse.swt\EBWebView\Default
2026-09-20 15:51:09.493: [INFO] Profiles total count: 1
2026-09-20 15:51:09.493: [INFO] Profile: name=Profile 1 path=C:\Users\abhin\Downloads\kafka\.metadata\.plugins\org.eclipse.swt\EBWebView\Default lastActive=null
2026-09-20 15:51:09.493: [INFO] LastUsedProfileDir: C:\Users\abhin\Downloads\kafka\.metadata\.plugins\org.eclipse.swt\EBWebView\Default
2026-09-20 15:51:09.493: [INFO] OnDoneLoading sync enabled: 0
2026-09-20 15:51:09.493: [INFO] BookmarkModelLoaded, ids_reassigned: 0
2026-09-20 15:51:09.493: [INFO] BookmarksLoadDropped droppedNodes=0
2026-09-20 15:51:09.493: [INFO] BookmarksSnapshot Startup total=0 bar=0 other=0 mobile=0 showBar=0 showBarNTP=1
2026-09-20 15:51:17.212: [INFO] BookmarksSnapshot Shutdown total=0 bar=0 other=0 mobile=0 showBar=0 showBarNTP=1
2026-09-20 15:51:31.190: [INFO] CurrentProfilePath: C:\Users\abhin\Downloads\kafka\.metadata\.plugins\org.eclipse.swt\EBWebView\Default
2026-09-20 15:51:31.190: [INFO] Profiles total count: 1
2026-09-20 15:51:31.190: [INFO] Profile: name=Profile 1 path=C:\Users\abhin\Downloads\kafka\.metadata\.plugins\org.eclipse.swt\EBWebView\Default lastActive=null
2026-09-20 15:51:31.191: [INFO] LastUsedProfileDir: C:\Users\abhin\Downloads\kafka\.metadata\.plugins\org.eclipse.swt\EBWebView\Default
2026-09-20 15:51:31.191: [INFO] OnDoneLoading sync enabled: 0
2026-09-20 15:51:31.191: [INFO] BookmarkModelLoaded, ids_reassigned: 0
2026-09-20 15:51:31.191: [INFO] BookmarksLoadDropped droppedNodes=0
2026-09-20 15:51:31.191: [INFO] BookmarksSnapshot Startup total=0 bar=0 other=0 mobile=0 showBar=0 showBarNTP=1
2026-09-20 15:52:07.095: [INFO] BookmarksSnapshot Shutdown total=0 bar=0 other=0 mobile=0 showBar=0 showBarNTP=1
2026-09-20 15:52:12.053: [INFO] CurrentProfilePath: C:\Users\abhin\Downloads\kafka\.metadata\.plugins\org.eclipse.swt\EBWebView\Default
2026-09-20 15:52:12.053: [INFO] Profiles total count: 1
2026-09-20 15:52:12.053: [INFO] Profile: name=Profile 1 path=C:\Users\abhin\Downloads\kafka\.metadata\.plugins\org.eclipse.swt\EBWebView\Default lastActive=null
2026-09-20 15:52:12.053: [INFO] LastUsedProfileDir: C:\Users\abhin\Downloads\kafka\.metadata\.plugins\org.eclipse.swt\EBWebView\Default
2026-09-20 15:52:12.053: [INFO] OnDoneLoading sync enabled: 0
2026-09-20 15:52:12.053: [INFO] BookmarkModelLoaded, ids_reassigned: 0
2026-09-20 15:52:12.053: [INFO] BookmarksLoadDropped droppedNodes=0
2026-09-20 15:52:12.053: [INFO] BookmarksSnapshot Startup total=0 bar=0 other=0 mobile=0 showBar=0 showBarNTP=1
2026-09-20 16:00:02.279: [INFO] BookmarksSnapshot Shutdown total=0 bar=0 other=0 mobile=0 showBar=0 showBarNTP=1
2026-09-20 16:00:05.996: [INFO] CurrentProfilePath: C:\Users\abhin\Downloads\kafka\.metadata\.plugins\org.eclipse.swt\EBWebView\Default
2026-09-20 16:00:05.996: [INFO] Profiles total count: 1
2026-09-20 16:00:05.996: [INFO] Profile: name=Profile 1 path=C:\Users\abhin\Downloads\kafka\.metadata\.plugins\org.eclipse.swt\EBWebView\Default lastActive=null
2026-09-20 16:00:05.996: [INFO] LastUsedProfileDir: C:\Users\abhin\Downloads\kafka\.metadata\.plugins\org.eclipse.swt\EBWebView\Default
2026-09-20 16:00:05.996: [INFO] OnDoneLoading sync enabled: 0
2026-09-20 16:00:05.996: [INFO] BookmarkModelLoaded, ids_reassigned: 0
2026-09-20 16:00:05.996: [INFO] BookmarksLoadDropped droppedNodes=0
2026-09-20 16:00:05.996: [INFO] BookmarksSnapshot Startup total=0 bar=0 other=0 mobile=0 showBar=0 showBarNTP=1
2026-09-20 19:39:24.392: [INFO] BookmarksSnapshot Shutdown total=0 bar=0 other=0 mobile=0 showBar=0 showBarNTP=1
